serial_class=wireless-mdns-tls
connecting...
handshake_ok capabilities=3
display id=0 type=1 desktop=false
display id=16 type=2 desktop=false
display id=2 type=5 desktop=true
display_selected id=2 desktop=true
admission accepted=1620 coalesced=780 shed=800 safety_rejected=0
delivery_results deliveredMovement=800 partial=0 delivered=820 cancelled=0 failed=0
requests=1620
successes=1620
timeouts=0
stream_closed=0
write_failed=0
unexpected_response=0
malformed_response=0
helper_reported_failure=0
other_failure=0
p50=0.014
p90=0.019
p95=0.022
p99=0.069
max_latency=0.145
over_250ms=0
over_500ms=0
over_750ms=0
over_1000ms=0
late_responses=0
result_written /tmp/cxi-stress.EEfVhT/raw-evidence/stress-result-2026-08-25T033356Z.json
