11:07:29.456 handoff transition localActive -> edgeArmed reason=edgeEntered sequence=10
11:07:29.456 handoff transition edgeArmed -> remoteActive reason=edgeEntered sequence=11
11:07:29.461 cursor hide requested
11:07:29.461 cursor hide result=CGError(0)
11:07:29.461 isCursorHidden transition false->true
11:07:29.461 suppression started generation=3
11:07:33.283 handoff transition remoteActive -> returning reason=boundaryCrossed sequence=12
11:07:33.283 cursor show requested
11:07:33.283 cursor show result=CGError(0)
11:07:33.283 isCursorHidden transition true->false
11:07:33.283 suppression released generation=3 reason=normalReturn
11:07:33.284 handoff transition returning -> localActive reason=boundaryCrossed sequence=13
11:07:33.289 handoff transition localActive -> edgeArmed reason=edgeEntered sequence=14
11:07:33.289 handoff transition edgeArmed -> remoteActive reason=edgeEntered sequence=15
11:07:33.291 cursor hide requested
11:07:33.291 cursor hide result=CGError(0)
11:07:33.291 isCursorHidden transition false->true
11:07:33.291 suppression started generation=4
11:07:33.308 pointer deliveries cancelled count=1 windowSeconds=5
11:07:33.353 handoff transition remoteActive -> returning reason=boundaryCrossed sequence=16
11:07:33.353 cursor show requested
11:07:33.353 cursor show result=CGError(0)
11:07:33.353 isCursorHidden transition true->false
11:07:33.353 suppression released generation=4 reason=normalReturn
11:07:33.357 handoff transition returning -> localActive reason=boundaryCrossed sequence=17
11:07:36.809 handoff transition localActive -> edgeArmed reason=edgeEntered sequence=18
11:07:36.809 handoff transition edgeArmed -> remoteActive reason=edgeEntered sequence=19
11:07:36.813 cursor hide requested
11:07:36.813 cursor hide result=CGError(0)
11:07:36.813 isCursorHidden transition false->true
11:07:36.813 suppression started generation=5
11:07:42.270 handoff transition remoteActive -> returning reason=boundaryCrossed sequence=20
11:07:42.270 cursor show requested
11:07:42.270 cursor show result=CGError(0)
11:07:42.270 isCursorHidden transition true->false
11:07:42.270 suppression released generation=5 reason=normalReturn
11:07:42.276 handoff transition returning -> localActive reason=boundaryCrossed sequence=21
11:07:42.285 handoff transition localActive -> edgeArmed reason=edgeEntered sequence=22
11:07:42.285 handoff transition edgeArmed -> remoteActive reason=edgeEntered sequence=23
11:07:42.286 cursor hide requested
11:07:42.286 cursor hide result=CGError(0)
11:07:42.286 isCursorHidden transition false->true
11:07:42.286 suppression started generation=6
11:07:42.315 handoff transition remoteActive -> returning reason=boundaryCrossed sequence=24
11:07:42.315 cursor show requested
11:07:42.315 cursor show result=CGError(0)
11:07:42.315 isCursorHidden transition true->false
11:07:42.315 suppression released generation=6 reason=normalReturn
11:07:42.316 handoff transition returning -> localActive reason=boundaryCrossed sequence=25
11:07:43.919 handoff transition localActive -> edgeArmed reason=edgeEntered sequence=26
11:07:43.919 handoff transition edgeArmed -> remoteActive reason=edgeEntered sequence=27
11:07:43.919 cursor hide requested
11:07:43.919 cursor hide result=CGError(0)
11:07:43.919 isCursorHidden transition false->true
11:07:43.919 suppression started generation=7
11:07:49.434 handoff transition remoteActive -> returning reason=boundaryCrossed sequence=28
11:07:49.434 cursor show requested
11:07:49.434 cursor show result=CGError(0)
11:07:49.434 isCursorHidden transition true->false
11:07:49.434 suppression released generation=7 reason=normalReturn
11:07:49.436 handoff transition returning -> localActive reason=boundaryCrossed sequence=29
11:07:49.446 handoff transition localActive -> edgeArmed reason=edgeEntered sequence=30
11:07:49.446 handoff transition edgeArmed -> remoteActive reason=edgeEntered sequence=31
11:07:49.446 cursor hide requested
11:07:49.446 cursor hide result=CGError(0)
11:07:49.446 isCursorHidden transition false->true
11:07:49.447 suppression started generation=8
11:07:49.456 handoff transition remoteActive -> returning reason=suppressionReleased sequence=32
11:07:49.456 cursor show requested
11:07:49.456 cursor show result=CGError(0)
11:07:49.456 isCursorHidden transition true->false
11:07:49.456 suppression released generation=8 reason=normalReturn
11:07:49.459 handoff transition returning -> localActive reason=suppressionReleased sequence=33
11:07:52.380 handoff transition localActive -> edgeArmed reason=edgeEntered sequence=34
11:07:52.380 handoff transition edgeArmed -> remoteActive reason=edgeEntered sequence=35
11:07:52.381 cursor hide requested
11:07:52.381 cursor hide result=CGError(0)
11:07:52.381 isCursorHidden transition false->true
11:07:52.381 suppression started generation=9
11:08:03.598 emergency shortcut detected
11:08:03.599 cursor show requested
11:08:03.599 cursor show result=CGError(0)
11:08:03.599 isCursorHidden transition true->false
11:08:03.599 suppression released generation=9 reason=emergencyHotkey
11:08:03.599 handoff transition remoteActive -> returning reason=emergencyReturn sequence=36
11:08:03.599 handoff transition returning -> localActive reason=emergencyReturn sequence=37
11:08:10.059 handoff transition localActive -> edgeArmed reason=edgeEntered sequence=38
11:08:10.059 handoff transition edgeArmed -> remoteActive reason=edgeEntered sequence=39
11:08:10.059 cursor hide requested
11:08:10.059 cursor hide result=CGError(0)
11:08:10.059 isCursorHidden transition false->true
11:08:10.059 suppression started generation=10
11:08:12.404 handoff transition remoteActive -> returning reason=boundaryCrossed sequence=40
11:08:12.404 cursor show requested
11:08:12.404 cursor show result=CGError(0)
11:08:12.404 isCursorHidden transition true->false
11:08:12.404 suppression released generation=10 reason=normalReturn
11:08:12.409 handoff transition returning -> localActive reason=boundaryCrossed sequence=41
11:08:12.416 handoff transition localActive -> edgeArmed reason=edgeEntered sequence=42
11:08:12.416 handoff transition edgeArmed -> remoteActive reason=edgeEntered sequence=43
11:08:12.426 cursor hide requested
11:08:12.426 cursor hide result=CGError(0)
11:08:12.426 isCursorHidden transition false->true
11:08:12.426 suppression started generation=11
11:08:12.435 pointer deliveries cancelled count=1 windowSeconds=5
11:08:12.549 handoff transition remoteActive -> returning reason=boundaryCrossed sequence=44
11:08:12.549 cursor show requested
11:08:12.549 cursor show result=CGError(0)
11:08:12.549 isCursorHidden transition true->false
11:08:12.549 suppression released generation=11 reason=normalReturn
11:08:12.555 handoff transition returning -> localActive reason=boundaryCrossed sequence=45
11:08:14.589 handoff transition localActive -> edgeArmed reason=edgeEntered sequence=46
11:08:14.590 handoff transition edgeArmed -> remoteActive reason=edgeEntered sequence=47
11:08:14.601 cursor hide requested
11:08:14.601 cursor hide result=CGError(0)
11:08:14.601 isCursorHidden transition false->true
11:08:14.601 suppression started generation=12
11:08:15.602 handoff transition remoteActive -> returning reason=boundaryCrossed sequence=48
11:08:15.602 cursor show requested
11:08:15.602 cursor show result=CGError(0)
11:08:15.602 isCursorHidden transition true->false
11:08:15.602 suppression released generation=12 reason=normalReturn
11:08:15.604 handoff transition returning -> localActive reason=boundaryCrossed sequence=49
11:08:20.166 handoff transition localActive -> edgeArmed reason=edgeEntered sequence=50
11:08:20.166 handoff transition edgeArmed -> remoteActive reason=edgeEntered sequence=51
11:08:20.168 cursor hide requested
11:08:20.168 cursor hide result=CGError(0)
11:08:20.168 isCursorHidden transition false->true
11:08:20.168 suppression started generation=13
11:08:22.087 handoff transition remoteActive -> returning reason=boundaryCrossed sequence=52
11:08:22.087 cursor show requested
11:08:22.087 cursor show result=CGError(0)
11:08:22.087 isCursorHidden transition true->false
11:08:22.087 suppression released generation=13 reason=normalReturn
11:08:22.088 handoff transition returning -> localActive reason=boundaryCrossed sequence=53
11:08:22.097 handoff transition localActive -> edgeArmed reason=edgeEntered sequence=54
11:08:22.098 handoff transition edgeArmed -> remoteActive reason=edgeEntered sequence=55
11:08:22.098 cursor hide requested
11:08:22.098 cursor hide result=CGError(0)
11:08:22.098 isCursorHidden transition false->true
11:08:22.098 suppression started generation=14
11:08:22.105 pointer deliveries cancelled count=1 windowSeconds=5
11:08:22.151 handoff transition remoteActive -> returning reason=boundaryCrossed sequence=56
11:08:22.151 cursor show requested
11:08:22.151 cursor show result=CGError(0)
11:08:22.151 isCursorHidden transition true->false
11:08:22.151 suppression released generation=14 reason=normalReturn
11:08:22.151 handoff transition returning -> localActive reason=boundaryCrossed sequence=57
11:08:22.737 handoff transition localActive -> edgeArmed reason=edgeEntered sequence=58
11:08:22.737 handoff transition edgeArmed -> remoteActive reason=edgeEntered sequence=59
11:08:22.742 cursor hide requested
11:08:22.742 cursor hide result=CGError(0)
11:08:22.742 isCursorHidden transition false->true
11:08:22.742 suppression started generation=15
11:08:25.677 handoff transition remoteActive -> returning reason=boundaryCrossed sequence=60
11:08:25.677 cursor show requested
11:08:25.677 cursor show result=CGError(0)
11:08:25.677 isCursorHidden transition true->false
11:08:25.677 suppression released generation=15 reason=normalReturn
11:08:25.681 handoff transition returning -> localActive reason=boundaryCrossed sequence=61
11:08:26.727 handoff transition localActive -> edgeArmed reason=edgeEntered sequence=62
11:08:26.727 handoff transition edgeArmed -> remoteActive reason=edgeEntered sequence=63
11:08:26.739 cursor hide requested
11:08:26.739 cursor hide result=CGError(0)
11:08:26.739 isCursorHidden transition false->true
11:08:26.739 suppression started generation=16
11:08:32.834 emergency shortcut detected
11:08:32.834 cursor show requested
11:08:32.834 cursor show result=CGError(0)
11:08:32.834 isCursorHidden transition true->false
11:08:32.834 suppression released generation=16 reason=emergencyHotkey
11:08:32.835 handoff transition remoteActive -> returning reason=emergencyReturn sequence=64
11:08:32.835 handoff transition returning -> localActive reason=emergencyReturn sequence=65
11:08:34.300 handoff transition localActive -> edgeArmed reason=edgeEntered sequence=66
11:08:34.301 handoff transition edgeArmed -> remoteActive reason=edgeEntered sequence=67
11:08:34.308 cursor hide requested
11:08:34.308 cursor hide result=CGError(0)
11:08:34.308 isCursorHidden transition false->true
11:08:34.308 suppression started generation=17
11:08:36.298 handoff transition remoteActive -> returning reason=boundaryCrossed sequence=68
11:08:36.298 cursor show requested
11:08:36.298 cursor show result=CGError(0)
11:08:36.298 isCursorHidden transition true->false
11:08:36.298 suppression released generation=17 reason=normalReturn
11:08:36.308 handoff transition returning -> localActive reason=boundaryCrossed sequence=69
11:08:36.308 handoff transition localActive -> edgeArmed reason=edgeEntered sequence=70
11:08:36.309 handoff transition edgeArmed -> remoteActive reason=edgeEntered sequence=71
11:08:36.311 cursor hide requested
11:08:36.311 cursor hide result=CGError(0)
11:08:36.311 isCursorHidden transition false->true
11:08:36.311 suppression started generation=18
11:08:36.319 handoff transition remoteActive -> returning reason=suppressionReleased sequence=72
11:08:36.319 cursor show requested
11:08:36.319 cursor show result=CGError(0)
11:08:36.319 isCursorHidden transition true->false
11:08:36.319 suppression released generation=18 reason=normalReturn
11:08:36.319 handoff transition returning -> localActive reason=suppressionReleased sequence=73
11:08:37.901 handoff transition localActive -> edgeArmed reason=edgeEntered sequence=74
11:08:37.902 handoff transition edgeArmed -> remoteActive reason=edgeEntered sequence=75
11:08:37.907 cursor hide requested
11:08:37.907 cursor hide result=CGError(0)
11:08:37.907 isCursorHidden transition false->true
11:08:37.907 suppression started generation=19
11:08:38.745 handoff transition remoteActive -> returning reason=boundaryCrossed sequence=76
11:08:38.745 cursor show requested
11:08:38.745 cursor show result=CGError(0)
11:08:38.745 isCursorHidden transition true->false
11:08:38.745 suppression released generation=19 reason=normalReturn
11:08:38.747 handoff transition returning -> localActive reason=boundaryCrossed sequence=77
11:08:38.755 handoff transition localActive -> edgeArmed reason=edgeEntered sequence=78
11:08:38.755 handoff transition edgeArmed -> remoteActive reason=edgeEntered sequence=79
11:08:38.756 cursor hide requested
11:08:38.756 cursor hide result=CGError(0)
11:08:38.756 isCursorHidden transition false->true
11:08:38.756 suppression started generation=20
11:08:38.756 pointer deliveries cancelled count=1 windowSeconds=5
11:08:38.759 handoff transition remoteActive -> returning reason=suppressionReleased sequence=80
11:08:38.759 cursor show requested
11:08:38.759 cursor show result=CGError(0)
11:08:38.759 isCursorHidden transition true->false
11:08:38.759 suppression released generation=20 reason=normalReturn
11:08:38.761 handoff transition returning -> localActive reason=suppressionReleased sequence=81
11:08:39.537 handoff transition localActive -> edgeArmed reason=edgeEntered sequence=82
11:08:39.538 handoff transition edgeArmed -> remoteActive reason=edgeEntered sequence=83
11:08:39.551 cursor hide requested
11:08:39.551 cursor hide result=CGError(0)
11:08:39.551 isCursorHidden transition false->true
11:08:39.551 suppression started generation=21
11:08:47.623 emergency shortcut detected
11:08:47.623 cursor show requested
11:08:47.623 cursor show result=CGError(0)
11:08:47.623 isCursorHidden transition true->false
11:08:47.623 suppression released generation=21 reason=emergencyHotkey
11:08:47.626 handoff transition remoteActive -> returning reason=emergencyReturn sequence=84
11:08:47.626 handoff transition returning -> localActive reason=emergencyReturn sequence=85
11:08:49.698 handoff transition localActive -> edgeArmed reason=edgeEntered sequence=86
11:08:49.698 handoff transition edgeArmed -> remoteActive reason=edgeEntered sequence=87
11:08:49.698 cursor hide requested
11:08:49.698 cursor hide result=CGError(0)
11:08:49.698 isCursorHidden transition false->true
11:08:49.698 suppression started generation=22
11:08:50.536 handoff transition remoteActive -> returning reason=boundaryCrossed sequence=88
11:08:50.536 cursor show requested
11:08:50.536 cursor show result=CGError(0)
11:08:50.536 isCursorHidden transition true->false
11:08:50.536 suppression released generation=22 reason=normalReturn
11:08:50.538 handoff transition returning -> localActive reason=boundaryCrossed sequence=89
11:08:50.548 handoff transition localActive -> edgeArmed reason=edgeEntered sequence=90
11:08:50.548 handoff transition edgeArmed -> remoteActive reason=edgeEntered sequence=91
11:08:50.549 cursor hide requested
11:08:50.549 cursor hide result=CGError(0)
11:08:50.549 isCursorHidden transition false->true
11:08:50.549 suppression started generation=23
11:08:50.549 pointer deliveries cancelled count=1 windowSeconds=5
11:08:51.993 handoff transition remoteActive -> returning reason=boundaryCrossed sequence=92
11:08:51.993 cursor show requested
11:08:51.993 cursor show result=CGError(0)
11:08:51.993 isCursorHidden transition true->false
11:08:51.993 suppression released generation=23 reason=normalReturn
11:08:52.000 handoff transition returning -> localActive reason=boundaryCrossed sequence=93
11:08:52.610 handoff transition localActive -> edgeArmed reason=edgeEntered sequence=94
11:08:52.610 handoff transition edgeArmed -> remoteActive reason=edgeEntered sequence=95
11:08:52.611 cursor hide requested
11:08:52.611 cursor hide result=CGError(0)
11:08:52.611 isCursorHidden transition false->true
11:08:52.611 suppression started generation=24
11:08:53.534 emergency shortcut detected
11:08:53.534 cursor show requested
11:08:53.534 cursor show result=CGError(0)
11:08:53.534 isCursorHidden transition true->false
11:08:53.534 suppression released generation=24 reason=emergencyHotkey
11:08:53.534 handoff transition remoteActive -> returning reason=emergencyReturn sequence=96
11:08:53.534 handoff transition returning -> localActive reason=emergencyReturn sequence=97
11:08:54.312 handoff transition localActive -> edgeArmed reason=edgeEntered sequence=98
11:08:54.312 handoff transition edgeArmed -> remoteActive reason=edgeEntered sequence=99
11:08:54.313 cursor hide requested
11:08:54.313 cursor hide result=CGError(0)
11:08:54.313 isCursorHidden transition false->true
11:08:54.313 suppression started generation=25
11:08:55.296 handoff transition remoteActive -> returning reason=boundaryCrossed sequence=100
11:08:55.296 cursor show requested
11:08:55.296 cursor show result=CGError(0)
11:08:55.296 isCursorHidden transition true->false
11:08:55.296 suppression released generation=25 reason=normalReturn
11:08:55.296 handoff transition returning -> localActive reason=boundaryCrossed sequence=101
11:08:56.085 handoff transition localActive -> edgeArmed reason=edgeEntered sequence=102
11:08:56.085 handoff transition edgeArmed -> remoteActive reason=edgeEntered sequence=103
11:08:56.093 cursor hide requested
11:08:56.093 cursor hide result=CGError(0)
11:08:56.093 isCursorHidden transition false->true
11:08:56.093 suppression started generation=26
11:08:57.576 handoff transition remoteActive -> returning reason=boundaryCrossed sequence=104
11:08:57.576 cursor show requested
11:08:57.576 cursor show result=CGError(0)
11:08:57.576 isCursorHidden transition true->false
11:08:57.576 suppression released generation=26 reason=normalReturn
11:08:57.577 handoff transition returning -> localActive reason=boundaryCrossed sequence=105
11:08:58.720 handoff transition localActive -> edgeArmed reason=edgeEntered sequence=106
11:08:58.720 handoff transition edgeArmed -> remoteActive reason=edgeEntered sequence=107
11:08:58.723 cursor hide requested
11:08:58.723 cursor hide result=CGError(0)
11:08:58.723 isCursorHidden transition false->true
11:08:58.723 suppression started generation=27
11:08:59.589 emergency shortcut detected
11:08:59.589 cursor show requested
11:08:59.589 cursor show result=CGError(0)
11:08:59.589 isCursorHidden transition true->false
11:08:59.589 suppression released generation=27 reason=emergencyHotkey
11:08:59.590 handoff transition remoteActive -> returning reason=emergencyReturn sequence=108
11:08:59.590 handoff transition returning -> localActive reason=emergencyReturn sequence=109
11:09:00.902 handoff transition localActive -> edgeArmed reason=edgeEntered sequence=110
11:09:00.902 handoff transition edgeArmed -> remoteActive reason=edgeEntered sequence=111
11:09:00.903 cursor hide requested
11:09:00.903 cursor hide result=CGError(0)
11:09:00.903 isCursorHidden transition false->true
11:09:00.903 suppression started generation=28
11:09:03.402 handoff transition remoteActive -> returning reason=boundaryCrossed sequence=112
11:09:03.402 cursor show requested
11:09:03.402 cursor show result=CGError(0)
11:09:03.402 isCursorHidden transition true->false
11:09:03.402 suppression released generation=28 reason=normalReturn
11:09:03.404 handoff transition returning -> localActive reason=boundaryCrossed sequence=113
11:09:06.523 handoff transition localActive -> edgeArmed reason=edgeEntered sequence=114
11:09:06.523 handoff transition edgeArmed -> remoteActive reason=edgeEntered sequence=115
11:09:06.525 cursor hide requested
11:09:06.525 cursor hide result=CGError(0)
11:09:06.525 isCursorHidden transition false->true
11:09:06.525 suppression started generation=29
11:09:10.381 emergency shortcut detected
11:09:10.381 cursor show requested
11:09:10.381 cursor show result=CGError(0)
11:09:10.381 isCursorHidden transition true->false
11:09:10.381 suppression released generation=29 reason=emergencyHotkey
11:09:10.383 handoff transition remoteActive -> returning reason=emergencyReturn sequence=116
11:09:10.383 handoff transition returning -> localActive reason=emergencyReturn sequence=117
11:09:11.773 handoff transition localActive -> edgeArmed reason=edgeEntered sequence=118
11:09:11.773 handoff transition edgeArmed -> remoteActive reason=edgeEntered sequence=119
11:09:11.774 cursor hide requested
11:09:11.774 cursor hide result=CGError(0)
11:09:11.774 isCursorHidden transition false->true
11:09:11.774 suppression started generation=30
11:09:14.896 emergency shortcut detected
11:09:14.896 cursor show requested
11:09:14.896 cursor show result=CGError(0)
11:09:14.896 isCursorHidden transition true->false
11:09:14.896 suppression released generation=30 reason=emergencyHotkey
11:09:14.901 handoff transition remoteActive -> returning reason=emergencyReturn sequence=120
11:09:14.901 handoff transition returning -> localActive reason=emergencyReturn sequence=121
11:09:16.327 handoff transition localActive -> edgeArmed reason=edgeEntered sequence=122
11:09:16.327 handoff transition edgeArmed -> remoteActive reason=edgeEntered sequence=123
11:09:16.348 cursor hide requested
11:09:16.348 cursor hide result=CGError(0)
11:09:16.348 isCursorHidden transition false->true
11:09:16.348 suppression started generation=31
11:09:18.303 handoff transition remoteActive -> returning reason=boundaryCrossed sequence=124
11:09:18.304 cursor show requested
11:09:18.304 cursor show result=CGError(0)
11:09:18.304 isCursorHidden transition true->false
11:09:18.304 suppression released generation=31 reason=normalReturn
11:09:18.310 handoff transition returning -> localActive reason=boundaryCrossed sequence=125
11:09:18.319 handoff transition localActive -> edgeArmed reason=edgeEntered sequence=126
11:09:18.319 handoff transition edgeArmed -> remoteActive reason=edgeEntered sequence=127
11:09:18.319 cursor hide requested
11:09:18.319 cursor hide result=CGError(0)
11:09:18.319 isCursorHidden transition false->true
11:09:18.319 suppression started generation=32
11:09:18.319 pointer deliveries cancelled count=1 windowSeconds=5
11:09:18.378 handoff transition remoteActive -> returning reason=boundaryCrossed sequence=128
11:09:18.378 cursor show requested
11:09:18.378 cursor show result=CGError(0)
11:09:18.378 isCursorHidden transition true->false
11:09:18.378 suppression released generation=32 reason=normalReturn
11:09:18.378 handoff transition returning -> localActive reason=boundaryCrossed sequence=129
11:09:18.931 handoff transition localActive -> edgeArmed reason=edgeEntered sequence=130
11:09:18.931 handoff transition edgeArmed -> remoteActive reason=edgeEntered sequence=131
11:09:18.931 cursor hide requested
11:09:18.931 cursor hide result=CGError(0)
11:09:18.931 isCursorHidden transition false->true
11:09:18.931 suppression started generation=33
11:09:19.409 emergency shortcut detected
11:09:19.409 cursor show requested
11:09:19.409 cursor show result=CGError(0)
11:09:19.409 isCursorHidden transition true->false
11:09:19.409 suppression released generation=33 reason=emergencyHotkey
11:09:19.410 handoff transition remoteActive -> returning reason=emergencyReturn sequence=132
11:09:19.410 handoff transition returning -> localActive reason=emergencyReturn sequence=133
