serial_class=wireless-mdns-tls
connecting...
handshake_ok capabilities=3
display id=0 type=1 desktop=false
display id=16 type=2 desktop=false
display id=2 type=5 desktop=true
display_selected id=2
admission accepted=773 coalesced=379 shed=384 safety_rejected=0
delivery_results deliveredMovement=384 partial=0 delivered=389 cancelled=0 failed=0
requests=773
successes=773
timeouts=0
stream_closed=0
write_failed=0
unexpected_response=0
malformed_response=0
helper_reported_failure=0
other_failure=0
p50=0.013
p90=0.019
p95=0.022
p99=0.041
max_latency=0.105
over_250ms=0
over_500ms=0
over_750ms=0
over_1000ms=0
late_responses=0
result_written /tmp/cxi-stress.Z6CMop/raw-evidence/stress-result-2026-08-25T025724Z.json
