[Main] keyboard backend mode=auto
[Main] pointer backend mode=uhid
[HidDeviceManager] device created id=1 name=Ampersand Keyboard inputDeviceId=99
[UhidKeyboardInjector] UHID keyboard created id=1
[KeyboardBackend] keyboard backend selected backend=uhid mode=auto
[Main] handshake ok (v1 capabilities=1)
[Main] listing 3 display(s)
[PointerDispatcher] forced UHID ignores target 2; using system routing
[HidDeviceManager] device created id=2 name=Ampersand Mouse inputDeviceId=100
[UhidPointerInjector] pointer backend ready backend=uhid
[PointerDispatcher] pointer backend selected backend=uhid mode=uhid
[Main] selected target display id=2
[HidDeviceManager] report sent id=2 len=5 written=11
[HidDeviceManager] report sent id=2 len=5 written=11
[HidDeviceManager] report sent id=2 len=5 written=11
[HidDeviceManager] report sent id=2 len=5 written=11
[HidDeviceManager] report sent id=2 len=5 written=11
[HidDeviceManager] report sent id=2 len=5 written=11
[HidDeviceManager] report sent id=2 len=5 written=11
[HidDeviceManager] report sent id=2 len=5 written=11
[HidDeviceManager] report sent id=2 len=5 written=11
[HidDeviceManager] report sent id=2 len=5 written=11
[HidDeviceManager] report sent id=2 len=5 written=11
[HidDeviceManager] report sent id=2 len=5 written=11
[HidDeviceManager] report sent id=2 len=5 written=11
[HidDeviceManager] report sent id=2 len=5 written=11
[HidDeviceManager] report sent id=2 len=5 written=11
[HidDeviceManager] report sent id=2 len=5 written=11
