serial_class=wireless-mdns-tls
connecting...
handshake_ok capabilities=3
display id=0 type=1 desktop=false
display id=16 type=2 desktop=false
display id=2 type=5 desktop=true
display_selected id=2 desktop=true
admission accepted=49 coalesced=451 shed=0 safety_rejected=0
delivery_results deliveredMovement=49 partial=0 delivered=0 cancelled=0 failed=0
requests=49
successes=49
timeouts=0
stream_closed=0
write_failed=0
unexpected_response=0
malformed_response=0
helper_reported_failure=0
other_failure=0
p50=0.012
p90=0.084
p95=0.095
p99=0.111
max_latency=0.111
over_250ms=0
over_500ms=0
over_750ms=0
over_1000ms=0
late_responses=0
result_written /tmp/cxi-stress.um3TUo/raw-evidence/stress-result-2026-08-25T040748Z.json
